No
Yes
Yes
No
Yes
No
Yes
Yes
No
Yes
Yes
No
No
No
No
No
Yes
No
No
No
No
Yes
No
No
No
Yes
No
No
No
No
