3
3
5
5
8
8
19
28
79
92
24
52
20
46
66
-1
43
47
37
23
28
34
26
48
4
24
12
6
3
4
