4
3
8
5
13
14
44
20
-1
-1
-1
-1
17
26
-1
-1
23
37
41
45
48
42
35
36
8
26
16
7
4
4
