4
5
-1
6
-1
10
-1
-1
-1
-1
-1
-1
33
23
-1
-1
32
37
21
50
23
-1
75
-1
-1
43
20
-1
6
4
