impossible
8146
8388
2649
5074
749
3787
impossible
3001
12175
7112
7195
5620
8004
8011
2131
1778
7930
15330
11514
16673
19892
impossible
2667
2252
impossible
14407
6751
6719
3130
