69162
71201
62711
47644
65917
67574
73746
67260
72855
79207
54380
61751
71897
61058
63004
65932
74568
61903
59962
60485
75216
75430
61877
70380
67322
90563
76694
75649
65855
80993
