3964 1479
936 210
3949 1142
3184 761
1210 94
13367 2878
1449 158
5056 341
1123 136
1136 130
2750 404
1524 195
2828 223
3824 943
1520 151
4237 441
3599 320
8487 1644
5620 615
8155 1390
3475 586
1783 458
5145 934
1740 215
2700 1616
3145 1313
3117 1093
1097 591
12598 1471
1888 808
2174 488
1993 186
2726 1907
9574 3195
896 497
1734 440
6733 672
1144 144
1930 1930
799 799
5816 1538
2442 225
1694 190
1132 146
9493 1093
6495 884
12138 1295
1812 318
941 274
7232 522
8168 822
973 142
1469 242
2570 394
17239 1727
2248 266
14908 2523
1773 158
1792 138
1227 96
2338 246
3962 424
4253 867
2134 206
1810 518
2385 482
3127 454
2090 433
1919 186
1531 160
17157 2033
6128 800
1324 160
2133 224
7296 2122
1577 185
3303 328
2784 326
1319 208
1310 407
3465 441
1554 194
3447 714
2678 231
1551 613
1357 157
1188 141
4409 928
1115 127
1691 360
2151 1298
1463 806
1758 195
4173 2406
5788 830
3652 329
1866 208
4487 475
362 362
