1200
1208
1431
1437
1456
1435
1441
1419
1440
1438
1435
1420
1438
1427
1406
1434
1459
1437
1445
1438
1426
1428
1444
1450
1414
1447
1439
1423
1437
1447
