19
5257
4097
4279
12352
13877
4722
4773
16630
17508
17958
4850
18881
19602
4889
4917
20455
20705
21006
4940
6251
12420
5880
14235
11160
9440
10143
9516
11830
7506
