46
504
1460
722
1888
881
2428
2732
3042
3061
3135
955
3328
3479
3333
3778
963
979
4008
3919
3742
984
3951
4055
4017
4119
4119
4310
4238
4220
