4
4
Impossible!
4
1
8
8
3
3
1
4
3
6
2
3
7
3
3
4
8
4
2
2
0
2
