9
9
15
8
11
23
14
6
3
8
22
25
13
14
8
14
13
13
15
7
13
Impossible!
16
8
6
