11
16
13
21
16
8
16
22
17
6
21
42
12
Impossible!
34
16
9
17
18
8
28
21
8
23
9
