1
4
2
2
2
5
3
3
3
2
2
2
1
1
0
10
10
10
7
7
7
4
4
16
15
14
13
10
10
7
6
3
16
15
14
13
10
10
7
6
3
16
15
14
13
9
7
6
3
0
