1960 192
1189 277
1565 106
2836 199
1250 231
36 272
37 200
1402 236
1818 712
1744938 666
1444 934
453184 2450
4361914 995
2450 625
1274 886
833 792
42250 6131
