2458 2
8900 8
1096 2
5800 9
7306 1
3341 5
25 3
2 4
362 4
116 4
5882 8
2960 40
2250 7
1109 53
1649 3
17937 26
41 17
458 19
4 22
5857465 131
