18117
8765
8728
71
270
25
35179
204935
45774
1559519
36926
70013
116533
15
348
44364
94
109989
18240
4926
14694
18440
25932
15041
39357
20433
49910
38736
539
1
