897323
6006200
8667537
10088719
3563850
2449292
14841342
3953168
776618
1660836
612251
1865656
6824448
8072351
1976390
3491499
1094799
202969
456881
No schedule!
6860150
8084340
4388259
13775123
7692808
8430488
11543215
4958302
2557877
6291979
