16444470
2706126
No schedule!
906221
8064598
3908011
5220541
6090309
No schedule!
1648939
No schedule!
No schedule!
2954801
10242913
No schedule!
No schedule!
No schedule!
No schedule!
281429
4312535
259221
4538101
482710
15774514
196921
664587
No schedule!
1008660
5737601
No schedule!
