2 5
91 92
10 10
3 4
37 39
64 68
16 17
10 11
21 22
104 106
12 12
21 24
13 15
24 24
7 8
104 107
52 53
34 36
22 24
57 58
24 25
25 25
69 70
36 36
12 12
143 143
26 27
72 72
2 3
18 18
