Panoramix captured
75642
0
0
0
0
44834
0
0
37876
53689
54108
Panoramix captured
0
8506
17713
54416
Panoramix captured
0
59516
32282
25285
0
0
21835
38565
44035
0
0
22576
