Panoramix captured
0
0
0
0
0
0
Panoramix captured
0
0
0
Panoramix captured
Panoramix captured
0
0
Panoramix captured
0
Panoramix captured
0
0
Panoramix captured
0
Panoramix captured
0
0
0
0
Panoramix captured
0
0
