Panoramix captured
51579
0
0
0
0
84582
7234
0
32753
33627
41137
0
0
62718
16460
30150
60635
0
13957
Panoramix captured
34590
0
0
46199
Panoramix captured
69390
0
0
55962
