yes
no
yes
no
yes
yes
no
no
no
yes
no
yes
yes
no
yes
no
yes
yes
no
yes
