11
13
0
6
13
0
6
7
13
13
60
99
142
61
10
126
158
153
148
150
71
1
1
2
0
4740
0
9
4937
1
