2 1 19 19
5 1 17 17
2 1 18 18
3 1 17 17
1 1 17 17
1 1 19 19
3 1 15 15
4 1 14 14
6 1 14 14
3 1 17 17
9 7 56 56
15 3 55 55
9 3 52 52
1 1 53 53
10 1 51 51
1 1 59 59
12 1 55 55
2 1 56 56
20 5 51 51
1384 20 4105 4105
