1 1 16 20
1 1 12 16
1 1 2 18
1 1 6 16
1 1 14 17
1 1 18 20
1 1 1 19
4 1 6 16
1 1 13 20
4 1 17 19
1 1 34 59
1 1 18 61
5 1 11 55
1 1 47 56
14 4 18 52
1 1 32 57
1 1 47 50
1 1 47 58
8 1 19 63
1 1 1475 4638
