1 1 18 18
2 1 16 16
2 1 18 18
2 1 19 19
2 1 17 17
2 1 17 17
1 1 19 19
2 1 18 18
1 1 18 18
1 1 19 19
13 1 67 67
13 1 57 57
10 1 61 61
10 1 55 55
3 1 57 57
1 1 60 60
15 1 61 61
11 1 58 58
6 1 60 60
1413 1 4328 4328
