1 1 7 19
1 1 4 17
4 1 14 16
2 1 9 16
1 1 10 19
5 1 18 19
1 1 18 21
1 1 14 16
6 1 11 16
1 1 15 19
20 5 19 56
1 1 27 58
14 1 44 49
10 1 47 54
1 1 22 55
1 1 27 61
1 1 52 58
4 1 43 51
1 1 55 61
994 204 3729 4108
