109896
93914
124889
112890
238797
145872
130877
69932
135881
62944
57947
277748
9989
29971
249766
104901
179836
254766
177839
39958
111899
112896
304728
312719
204815
339703
111901
998
109899
321704
