5
8
2
impossible
14855
20
35
14855
20
35
899921
107
95
899936
4499
4499
899816
92
899930
92
