7
6
20
7
8
17
11
13
3
22
11
28
31
6
13
27
26
22
27
24
