255981107038
172077856237
340843160399
172612192803
390489231465
171329182023
284638601139
172164530532
292794710758
171642104897
320102927210
171753854479
315038918065
172548602048
231302347633
171761461917
227197726945
171755832744
262204432422
171622736876
238740560275
171846656135
290127069552
171899631291
208208522261
172344832803
391060426835
172173542222
181774887909
171265630103
