337212526270
172171544074
1736647838511
1673015335776
55060513738
2143647243
15663028043
799955019
725907601
42132920457
1737444759659
1683740000279
1732856830664
1685490587596
1734777874186
1679629117411
1733553593861
1664313288366
64142259342
64477506826
63893537209
64436585237
64788641892
64453632619
64256842137
64181347819
64117064166
64319584121
64490164777
64242834212
