489279328
167094283
582118463
170398023
606793893
168724974
476701089
170523936
560402631
167422648
396326363
167955980
456138871
167625198
589890085
165862581
382898066
165449312
499384484
166615278
476720665
167921736
408857141
167672552
590732719
168813321
397050389
171250374
519670796
169105016
