293916154979
171685521532
367666863726
171882035865
1732171046546
1676121285632
1734890858638
1675384285889
1727778556885
1672939390627
1731582937388
1674108487893
3128580297
41244674788
49000779459
1572139023
226290727
10046614211
26684094389
1654936482
44187368527
9056256229
18937441238
24042860345
23654767795
515346189
22061081412
39997773654
1925724986
28881253601
