1
5
10
33
1
2
5
50
152
153
78
5
50
50
192
95
188
100
80
55
29
59
84
86
91
95
1
5
0
0
