1
5
10
40
1
2
5
50
158
160
84
5
50
50
198
102
200
104
84
104
26
56
102
78
104
104
1
5
0
0
