1
5
10
32
1
2
5
50
151
160
84
5
50
50
190
97
189
100
80
55
196
196
196
92
92
92
1
5
0
0
