3
20
17
16
248111
0
47
440
504
190
157
442
0
0
20
6
814
788
378
421
4158
2938
2933
104
137
