2
8
50
3
1071644688
1071644733
2
2
642661070
663013709
639330928
16398772
1071665292
1071656045
128
256
192594345
831303982
829774126
832828906
834538868
190482050
1071667097
1071753047
1024
2048
