3 113480
3 5776
2 47780
4 49040
2 104168
3 128852
4 12456
4 7848
2 2152
2 36788
1 3560
2 21512
1 25376
2 32068
1 9800
1 17000
2 13192
1 4808
1 33476
2 90932822788
