6 72936
1 35506
1 116
1 4
6 306446043240
2 136229739473
2 14046748040
2 144427869325
