17948 514312
17254 377488
113 17591245220
6 174151666180
2 62267949061
2 2240005000
