35
37
40
36
34
39
40
40
40
39
34
37
40
37
33
39
38
36
35
39
514
506
520
504
518
505
508
506
505
504
