35
37
40
36
34
39
40
40
40
39
34
37
40
37
33
39
38
36
35
39
